// Jest Snapshot v1, https://goo.gl/fbAQLP

exports[`SignIn Component should render without errors 1`] = `ShallowWrapper {}`;
