// Jest Snapshot v1, https://goo.gl/fbAQLP

exports[`Container wrapper higher order component should render the component without crashing 1`] = `ShallowWrapper {}`;
