// Jest Snapshot v1, https://goo.gl/fbAQLP

exports[`renders correctly 1`] = `
<Welcome>
  <div>
    <h1>
      Hello Mazus
    </h1>
  </div>
</Welcome>
`;
