// Jest Snapshot v1, https://goo.gl/fbAQLP

exports[`Categories Component should render without errors 1`] = `ShallowWrapper {}`;
