// Jest Snapshot v1, https://goo.gl/fbAQLP

exports[`InputForm Component Should render along with children componenet 1`] = `ReactWrapper {}`;

exports[`InputForm Component Should render without errors in debug mode 1`] = `ShallowWrapper {}`;
